2 1 has taken a fork
2 1 has taken a fork
2 1 is eating
5 3 has taken a fork
5 3 has taken a fork
5 3 is eating
8 5 has taken a fork
8 5 has taken a fork
8 5 is eating
11 7 has taken a fork
11 7 has taken a fork
11 7 is eating
19 9 has taken a fork
19 9 has taken a fork
19 9 is eating
22 11 has taken a fork
22 11 has taken a fork
22 11 is eating
24 13 has taken a fork
24 13 has taken a fork
24 13 is eating
27 15 has taken a fork
27 15 has taken a fork
27 15 is eating
29 17 has taken a fork
29 17 has taken a fork
29 17 is eating
30 19 has taken a fork
30 19 has taken a fork
30 19 is eating
31 21 has taken a fork
31 21 has taken a fork
31 21 is eating
32 23 has taken a fork
32 23 has taken a fork
32 23 is eating
33 25 has taken a fork
33 25 has taken a fork
33 25 is eating
33 27 has taken a fork
33 27 has taken a fork
33 27 is eating
33 29 has taken a fork
33 29 has taken a fork
33 29 is eating
202 1 is sleeping
202 10 has taken a fork
202 10 has taken a fork
202 10 is eating
205 3 is sleeping
205 6 has taken a fork
205 6 has taken a fork
205 6 is eating
208 5 is sleeping
208 4 has taken a fork
208 4 has taken a fork
208 4 is eating
211 7 is sleeping
211 8 has taken a fork
211 8 has taken a fork
211 8 is eating
219 9 is sleeping
219 24 has taken a fork
219 24 has taken a fork
219 24 is eating
222 11 is sleeping
222 22 has taken a fork
222 22 has taken a fork
222 22 is eating
224 13 is sleeping
224 14 has taken a fork
224 14 has taken a fork
224 14 is eating
227 15 is sleeping
227 26 has taken a fork
227 26 has taken a fork
227 26 is eating
229 17 is sleeping
229 28 has taken a fork
229 28 has taken a fork
229 28 is eating
230 19 is sleeping
230 12 has taken a fork
230 12 has taken a fork
230 12 is eating
231 21 is sleeping
231 18 has taken a fork
231 18 has taken a fork
231 18 is eating
232 23 is sleeping
232 20 has taken a fork
232 20 has taken a fork
232 20 is eating
233 29 is sleeping
233 25 is sleeping
233 2 has taken a fork
233 16 has taken a fork
233 27 is sleeping
233 30 has taken a fork
233 2 has taken a fork
233 16 has taken a fork
233 30 has taken a fork
233 2 is eating
233 16 is eating
233 30 is eating
402 1 is thinking
402 10 is sleeping
402 31 has taken a fork
402 31 has taken a fork
402 31 is eating
405 3 is thinking
405 6 is sleeping
408 4 is sleeping
408 5 is thinking
411 7 is thinking
411 8 is sleeping
419 24 is sleeping
419 9 is thinking
422 11 is thinking
422 22 is sleeping
424 13 is thinking
424 14 is sleeping
427 15 is thinking
427 26 is sleeping
429 17 is thinking
429 28 is sleeping
430 19 is thinking
430 12 is sleeping
431 18 is sleeping
431 21 is thinking
432 23 is thinking
432 20 is sleeping
433 27 is thinking
433 30 is sleeping
433 25 is thinking
433 16 is sleeping
433 29 is thinking
433 2 is sleeping
600 29 has taken a fork
600 29 has taken a fork
600 9 has taken a fork
600 29 is eating
600 25 has taken a fork
600 9 has taken a fork
600 11 has taken a fork
600 23 has taken a fork
600 13 has taken a fork
600 17 has taken a fork
600 25 has taken a fork
600 15 has taken a fork
600 1 has taken a fork
600 27 has taken a fork
600 9 is eating
600 3 has taken a fork
600 5 has taken a fork
600 19 has taken a fork
600 21 has taken a fork
600 11 has taken a fork
600 23 has taken a fork
600 13 has taken a fork
600 17 has taken a fork
600 25 is eating
600 15 has taken a fork
600 1 has taken a fork
600 27 has taken a fork
600 3 has taken a fork
600 5 has taken a fork
600 19 has taken a fork
600 21 has taken a fork
600 11 is eating
600 23 is eating
600 13 is eating
600 17 is eating
600 15 is eating
600 1 is eating
600 27 is eating
600 3 is eating
600 5 is eating
600 19 is eating
600 21 is eating
602 31 is sleeping
602 7 has taken a fork
602 10 is thinking
602 7 has taken a fork
602 7 is eating
605 6 is thinking
608 4 is thinking
611 8 is thinking
619 24 is thinking
622 22 is thinking
624 14 is thinking
627 26 is thinking
629 28 is thinking
630 12 is thinking
631 18 is thinking
632 20 is thinking
633 30 is thinking
633 2 is thinking
633 16 is thinking
800 21 is sleeping
800 2 has taken a fork
800 5 is sleeping
800 28 has taken a fork
800 2 has taken a fork
800 27 is sleeping
800 9 is sleeping
800 29 is sleeping
800 13 is sleeping
800 16 has taken a fork
800 23 is sleeping
800 14 has taken a fork
800 25 is sleeping
800 15 is sleeping
800 4 has taken a fork
800 3 is sleeping
800 30 has taken a fork
800 19 is sleeping
800 11 is sleeping
800 26 has taken a fork
800 17 is sleeping
800 1 is sleeping
800 24 has taken a fork
800 22 has taken a fork
800 12 has taken a fork
800 6 has taken a fork
800 28 has taken a fork
800 8 has taken a fork
800 10 has taken a fork
800 2 is eating
800 20 has taken a fork
800 16 has taken a fork
800 14 has taken a fork
800 4 has taken a fork
800 30 has taken a fork
800 26 has taken a fork
800 24 has taken a fork
800 22 has taken a fork
800 12 has taken a fork
800 6 has taken a fork
800 28 is eating
800 8 has taken a fork
800 10 has taken a fork
800 20 has taken a fork
800 16 is eating
800 14 is eating
800 4 is eating
800 30 is eating
800 26 is eating
800 24 is eating
800 22 is eating
800 12 is eating
800 6 is eating
800 8 is eating
800 10 is eating
800 20 is eating
802 31 is thinking
802 7 is sleeping
802 18 has taken a fork
802 18 has taken a fork
802 18 is eating
1000 27 is thinking
1000 29 is thinking
1000 23 is thinking
1000 4 is sleeping
1000 26 is sleeping
1000 13 is thinking
1000 31 has taken a fork
1000 24 is sleeping
1000 20 is sleeping
1000 17 is thinking
1000 15 is thinking
1000 12 is sleeping
1000 28 is sleeping
1000 16 is sleeping
1000 2 is sleeping
1000 14 is sleeping
1000 6 is sleeping
1000 30 is sleeping
1000 10 is sleeping
1000 19 is thinking
1000 5 is thinking
1000 1 is thinking
1000 9 is thinking
1000 25 is thinking
1000 11 is thinking
1000 22 is sleeping
1000 3 is thinking
1000 8 is sleeping
1000 21 is thinking
1000 31 has taken a fork
1000 31 is eating
1002 18 is sleeping
1002 7 is thinking
1199 19 died
