0 1 has taken a fork
0 1 has taken a fork
0 1 is eating
0 3 has taken a fork
0 3 has taken a fork
0 3 is eating
1 5 has taken a fork
1 5 has taken a fork
1 5 is eating
1 7 has taken a fork
1 7 has taken a fork
1 7 is eating
1 9 has taken a fork
1 9 has taken a fork
1 9 is eating
1 11 has taken a fork
1 11 has taken a fork
1 11 is eating
2 13 has taken a fork
2 13 has taken a fork
2 13 is eating
2 15 has taken a fork
2 15 has taken a fork
2 15 is eating
2 17 has taken a fork
2 17 has taken a fork
2 17 is eating
2 19 has taken a fork
2 19 has taken a fork
2 19 is eating
2 21 has taken a fork
2 21 has taken a fork
2 21 is eating
3 23 has taken a fork
3 23 has taken a fork
3 23 is eating
3 25 has taken a fork
3 25 has taken a fork
3 25 is eating
3 27 has taken a fork
3 27 has taken a fork
3 27 is eating
4 29 has taken a fork
4 29 has taken a fork
4 29 is eating
4 31 has taken a fork
4 31 has taken a fork
4 31 is eating
4 33 has taken a fork
4 33 has taken a fork
4 33 is eating
4 35 has taken a fork
4 35 has taken a fork
4 35 is eating
5 37 has taken a fork
5 37 has taken a fork
5 37 is eating
5 39 has taken a fork
5 39 has taken a fork
5 39 is eating
6 41 has taken a fork
6 41 has taken a fork
6 41 is eating
6 43 has taken a fork
6 43 has taken a fork
6 43 is eating
8 45 has taken a fork
8 45 has taken a fork
8 45 is eating
9 47 has taken a fork
9 47 has taken a fork
9 47 is eating
10 49 has taken a fork
10 49 has taken a fork
10 49 is eating
11 51 has taken a fork
11 51 has taken a fork
11 51 is eating
11 53 has taken a fork
11 53 has taken a fork
11 53 is eating
12 55 has taken a fork
12 55 has taken a fork
12 55 is eating
13 57 has taken a fork
13 57 has taken a fork
13 57 is eating
15 59 has taken a fork
15 59 has taken a fork
15 59 is eating
17 61 has taken a fork
17 61 has taken a fork
17 61 is eating
17 63 has taken a fork
17 63 has taken a fork
17 63 is eating
19 65 has taken a fork
19 65 has taken a fork
19 65 is eating
20 67 has taken a fork
20 67 has taken a fork
20 67 is eating
22 69 has taken a fork
22 69 has taken a fork
22 69 is eating
22 71 has taken a fork
22 71 has taken a fork
22 71 is eating
22 73 has taken a fork
22 73 has taken a fork
22 73 is eating
23 75 has taken a fork
23 75 has taken a fork
23 75 is eating
26 77 has taken a fork
26 77 has taken a fork
26 77 is eating
28 79 has taken a fork
28 79 has taken a fork
28 79 is eating
31 81 has taken a fork
31 81 has taken a fork
31 81 is eating
33 83 has taken a fork
34 83 has taken a fork
34 83 is eating
35 85 has taken a fork
35 85 has taken a fork
35 85 is eating
36 87 has taken a fork
36 87 has taken a fork
37 87 is eating
39 89 has taken a fork
39 89 has taken a fork
39 89 is eating
41 91 has taken a fork
41 91 has taken a fork
41 91 is eating
44 93 has taken a fork
44 93 has taken a fork
44 93 is eating
47 97 has taken a fork
47 97 has taken a fork
47 97 is eating
47 95 has taken a fork
47 95 has taken a fork
47 95 is eating
49 99 has taken a fork
49 99 has taken a fork
49 99 is eating
52 101 has taken a fork
52 101 has taken a fork
52 101 is eating
52 103 has taken a fork
52 103 has taken a fork
52 103 is eating
54 105 has taken a fork
54 105 has taken a fork
54 105 is eating
57 107 has taken a fork
57 107 has taken a fork
57 107 is eating
58 109 has taken a fork
58 109 has taken a fork
58 109 is eating
59 111 has taken a fork
59 111 has taken a fork
59 111 is eating
62 113 has taken a fork
62 113 has taken a fork
62 113 is eating
65 115 has taken a fork
65 115 has taken a fork
65 115 is eating
67 117 has taken a fork
67 117 has taken a fork
67 117 is eating
70 119 has taken a fork
70 119 has taken a fork
70 119 is eating
73 121 has taken a fork
73 121 has taken a fork
73 121 is eating
75 123 has taken a fork
75 123 has taken a fork
76 123 is eating
79 125 has taken a fork
79 125 has taken a fork
79 125 is eating
82 127 has taken a fork
82 127 has taken a fork
82 127 is eating
84 129 has taken a fork
84 129 has taken a fork
84 129 is eating
200 1 is sleeping
200 124 has taken a fork
200 124 has taken a fork
200 124 is eating
200 3 is sleeping
200 106 has taken a fork
200 106 has taken a fork
200 106 is eating
201 7 is sleeping
201 126 has taken a fork
201 126 has taken a fork
201 126 is eating
201 5 is sleeping
201 11 is sleeping
201 42 has taken a fork
201 9 is sleeping
201 98 has taken a fork
201 20 has taken a fork
201 42 has taken a fork
201 98 has taken a fork
201 20 has taken a fork
201 42 is eating
201 98 is eating
201 20 is eating
202 21 is sleeping
202 19 is sleeping
202 128 has taken a fork
202 48 has taken a fork
202 13 is sleeping
202 122 has taken a fork
202 128 has taken a fork
202 15 is sleeping
202 48 has taken a fork
202 50 has taken a fork
202 122 has taken a fork
202 128 is eating
202 17 is sleeping
202 48 is eating
202 50 has taken a fork
202 34 has taken a fork
202 122 is eating
202 50 is eating
202 34 has taken a fork
202 34 is eating
203 27 is sleeping
203 120 has taken a fork
203 120 has taken a fork
203 120 is eating
203 23 is sleeping
203 130 has taken a fork
203 25 is sleeping
203 130 has taken a fork
203 82 has taken a fork
203 130 is eating
204 82 has taken a fork
204 29 is sleeping
204 33 is sleeping
204 35 is sleeping
205 82 is eating
205 86 has taken a fork
205 31 is sleeping
206 64 has taken a fork
206 72 has taken a fork
206 39 is sleeping
206 37 is sleeping
206 86 has taken a fork
206 32 has taken a fork
206 76 has taken a fork
206 78 has taken a fork
206 43 is sleeping
207 18 has taken a fork
207 41 is sleeping
207 44 has taken a fork
208 64 has taken a fork
208 72 has taken a fork
208 86 is eating
208 32 has taken a fork
208 76 has taken a fork
208 78 has taken a fork
208 18 has taken a fork
208 44 has taken a fork
209 64 is eating
209 72 is eating
209 32 is eating
209 45 is sleeping
209 76 is eating
209 100 has taken a fork
209 78 is eating
210 18 is eating
210 44 is eating
210 47 is sleeping
210 84 has taken a fork
210 100 has taken a fork
210 49 is sleeping
210 104 has taken a fork
210 84 has taken a fork
211 100 is eating
211 104 has taken a fork
211 84 is eating
211 53 is sleeping
211 51 is sleeping
211 104 is eating
212 55 is sleeping
212 108 has taken a fork
212 108 has taken a fork
212 108 is eating
213 22 has taken a fork
213 16 has taken a fork
213 57 is sleeping
213 102 has taken a fork
213 22 has taken a fork
213 16 has taken a fork
214 102 has taken a fork
214 22 is eating
215 16 is eating
216 102 is eating
216 59 is sleeping
217 63 is sleeping
217 61 is sleeping
217 36 has taken a fork
217 36 has taken a fork
217 36 is eating
217 14 has taken a fork
217 14 has taken a fork
217 14 is eating
218 40 has taken a fork
218 40 has taken a fork
218 40 is eating
219 65 is sleeping
220 67 is sleeping
220 2 has taken a fork
220 2 has taken a fork
220 2 is eating
221 30 has taken a fork
223 30 has taken a fork
223 73 is sleeping
223 71 is sleeping
223 88 has taken a fork
223 69 is sleeping
224 75 is sleeping
224 112 has taken a fork
224 96 has taken a fork
227 30 is eating
227 70 has taken a fork
228 88 has taken a fork
228 112 has taken a fork
228 96 has taken a fork
229 77 is sleeping
229 118 has taken a fork
229 88 is eating
230 112 is eating
232 79 is sleeping
233 70 has taken a fork
235 92 has taken a fork
235 96 is eating
235 118 has taken a fork
236 81 is sleeping
236 83 is sleeping
236 24 has taken a fork
236 90 has taken a fork
236 85 is sleeping
237 94 has taken a fork
238 92 has taken a fork
238 118 is eating
238 87 is sleeping
239 70 is eating
239 24 has taken a fork
239 46 has taken a fork
239 90 has taken a fork
242 94 has taken a fork
242 92 is eating
243 89 is sleeping
244 80 has taken a fork
245 24 is eating
245 46 has taken a fork
245 90 is eating
246 91 is sleeping
247 10 has taken a fork
247 94 is eating
247 93 is sleeping
247 38 has taken a fork
247 80 has taken a fork
247 46 is eating
248 97 is sleeping
248 95 is sleeping
248 4 has taken a fork
249 10 has taken a fork
249 38 has taken a fork
249 80 is eating
249 12 has taken a fork
249 4 has taken a fork
250 10 is eating
250 99 is sleeping
250 52 has taken a fork
250 12 has taken a fork
250 4 is eating
251 38 is eating
251 52 has taken a fork
251 12 is eating
251 52 is eating
252 101 is sleeping
252 103 is sleeping
252 6 has taken a fork
252 6 has taken a fork
252 6 is eating
252 62 has taken a fork
252 62 has taken a fork
252 62 is eating
254 105 is sleeping
254 56 has taken a fork
254 56 has taken a fork
254 56 is eating
257 107 is sleeping
257 116 has taken a fork
257 116 has taken a fork
257 116 is eating
258 109 is sleeping
258 28 has taken a fork
258 28 has taken a fork
258 28 is eating
259 111 is sleeping
260 114 has taken a fork
260 114 has taken a fork
260 114 is eating
262 113 is sleeping
263 58 has taken a fork
263 58 has taken a fork
263 58 is eating
265 115 is sleeping
265 54 has taken a fork
265 54 has taken a fork
265 54 is eating
267 117 is sleeping
267 110 has taken a fork
267 110 has taken a fork
267 110 is eating
270 119 is sleeping
270 26 has taken a fork
270 26 has taken a fork
270 26 is eating
273 121 is sleeping
273 66 has taken a fork
273 66 has taken a fork
273 66 is eating
275 123 is sleeping
275 60 has taken a fork
275 60 has taken a fork
275 60 is eating
279 125 is sleeping
279 74 has taken a fork
279 74 has taken a fork
279 74 is eating
282 127 is sleeping
282 8 has taken a fork
282 8 has taken a fork
282 8 is eating
284 129 is sleeping
284 68 has taken a fork
284 68 has taken a fork
284 68 is eating
400 3 is thinking
400 106 is sleeping
400 131 has taken a fork
400 131 has taken a fork
400 1 is thinking
401 124 is sleeping
401 131 is eating
401 126 is sleeping
401 5 is thinking
401 42 is sleeping
401 20 is sleeping
401 9 is thinking
402 11 is thinking
403 98 is sleeping
404 7 is thinking
404 21 is thinking
404 50 is sleeping
404 15 is thinking
404 122 is sleeping
404 120 is sleeping
404 48 is sleeping
404 13 is thinking
404 128 is sleeping
404 34 is sleeping
404 19 is thinking
405 25 is thinking
405 17 is thinking
406 27 is thinking
406 130 is sleeping
406 82 is sleeping
406 23 is thinking
406 35 is thinking
407 72 is sleeping
408 29 is thinking
409 86 is sleeping
410 33 is thinking
410 64 is sleeping
410 76 is sleeping
410 32 is sleeping
410 78 is sleeping
411 31 is thinking
411 18 is sleeping
411 44 is sleeping
411 39 is thinking
412 43 is thinking
412 37 is thinking
412 41 is thinking
412 100 is sleeping
412 45 is thinking
413 84 is sleeping
413 49 is thinking
413 104 is sleeping
413 47 is thinking
413 51 is thinking
413 53 is thinking
413 108 is sleeping
414 55 is thinking
414 16 is sleeping
414 22 is sleeping
414 57 is thinking
414 102 is sleeping
416 59 is thinking
417 61 is thinking
417 36 is sleeping
417 40 is sleeping
417 14 is sleeping
417 63 is thinking
419 65 is thinking
419 2 is sleeping
420 67 is thinking
421 30 is sleeping
422 88 is sleeping
423 71 is thinking
423 69 is thinking
423 112 is sleeping
423 96 is sleeping
423 70 is sleeping
423 73 is thinking
424 75 is thinking
426 118 is sleeping
428 92 is sleeping
429 77 is thinking
433 79 is thinking
433 90 is sleeping
433 24 is sleeping
436 46 is sleeping
436 81 is thinking
436 83 is thinking
436 85 is thinking
436 94 is sleeping
438 87 is thinking
439 80 is sleeping
442 10 is sleeping
443 89 is thinking
444 38 is sleeping
446 91 is thinking
447 93 is thinking
447 4 is sleeping
448 95 is thinking
448 97 is thinking
448 12 is sleeping
449 52 is sleeping
450 99 is thinking
452 6 is sleeping
452 62 is sleeping
452 101 is thinking
452 103 is thinking
454 56 is sleeping
454 105 is thinking
457 107 is thinking
458 109 is thinking
458 28 is sleeping
458 116 is sleeping
459 111 is thinking
460 114 is sleeping
462 113 is thinking
463 58 is sleeping
465 54 is sleeping
465 115 is thinking
467 110 is sleeping
467 117 is thinking
470 119 is thinking
470 26 is sleeping
473 121 is thinking
473 66 is sleeping
475 123 is thinking
475 60 is sleeping
479 74 is sleeping
479 125 is thinking
482 8 is sleeping
482 127 is thinking
484 68 is sleeping
484 129 is thinking
597 5 died
