0 1 has taken a fork
0 1 has taken a fork
0 1 is eating
1 3 has taken a fork
1 3 has taken a fork
1 3 is eating
1 5 has taken a fork
1 5 has taken a fork
1 5 is eating
1 7 has taken a fork
1 7 has taken a fork
1 7 is eating
1 9 has taken a fork
1 9 has taken a fork
1 9 is eating
2 11 has taken a fork
2 11 has taken a fork
2 11 is eating
2 13 has taken a fork
2 13 has taken a fork
2 13 is eating
2 15 has taken a fork
2 15 has taken a fork
2 15 is eating
2 17 has taken a fork
2 17 has taken a fork
2 17 is eating
2 19 has taken a fork
3 19 has taken a fork
3 19 is eating
3 21 has taken a fork
3 21 has taken a fork
3 21 is eating
3 23 has taken a fork
3 23 has taken a fork
3 23 is eating
4 25 has taken a fork
4 25 has taken a fork
4 25 is eating
6 27 has taken a fork
6 27 has taken a fork
6 27 is eating
6 29 has taken a fork
6 29 has taken a fork
6 29 is eating
200 1 is sleeping
200 10 has taken a fork
200 10 has taken a fork
200 10 is eating
201 9 is sleeping
201 4 has taken a fork
201 5 is sleeping
201 4 has taken a fork
201 3 is sleeping
201 8 has taken a fork
201 12 has taken a fork
201 4 is eating
201 7 is sleeping
201 2 has taken a fork
201 8 has taken a fork
201 12 has taken a fork
201 2 has taken a fork
201 8 is eating
201 12 is eating
201 2 is eating
202 13 is sleeping
202 11 is sleeping
202 17 is sleeping
202 15 is sleeping
202 28 has taken a fork
202 19 is sleeping
202 14 has taken a fork
202 26 has taken a fork
202 30 has taken a fork
202 22 has taken a fork
202 28 has taken a fork
202 14 has taken a fork
202 26 has taken a fork
202 30 has taken a fork
202 22 has taken a fork
202 28 is eating
202 14 is eating
202 26 is eating
202 30 is eating
202 22 is eating
203 21 is sleeping
203 23 is sleeping
203 18 has taken a fork
203 18 has taken a fork
203 18 is eating
203 20 has taken a fork
203 20 has taken a fork
203 20 is eating
204 25 is sleeping
204 16 has taken a fork
204 16 has taken a fork
204 16 is eating
206 27 is sleeping
206 24 has taken a fork
206 24 has taken a fork
206 29 is sleeping
206 24 is eating
206 6 has taken a fork
206 6 has taken a fork
206 6 is eating
400 10 is sleeping
400 1 is thinking
400 31 has taken a fork
400 31 has taken a fork
400 31 is eating
401 7 is thinking
401 12 is sleeping
401 4 is sleeping
401 8 is sleeping
401 5 is thinking
401 3 is thinking
401 2 is sleeping
401 9 is thinking
402 26 is sleeping
402 28 is sleeping
402 19 is thinking
402 11 is thinking
402 13 is thinking
402 30 is sleeping
402 15 is thinking
402 17 is thinking
402 22 is sleeping
402 14 is sleeping
403 21 is thinking
403 23 is thinking
403 18 is sleeping
403 20 is sleeping
404 16 is sleeping
404 25 is thinking
406 27 is thinking
406 6 is sleeping
406 29 is thinking
406 24 is sleeping
599 1 died
