0 1 has taken a fork
0 1 has taken a fork
0 1 is eating
0 3 has taken a fork
0 3 has taken a fork
0 3 is eating
1 5 has taken a fork
1 5 has taken a fork
1 5 is eating
1 7 has taken a fork
1 7 has taken a fork
1 7 is eating
1 9 has taken a fork
1 9 has taken a fork
1 9 is eating
1 11 has taken a fork
1 11 has taken a fork
1 11 is eating
1 13 has taken a fork
1 13 has taken a fork
1 13 is eating
2 15 has taken a fork
2 15 has taken a fork
2 15 is eating
2 17 has taken a fork
2 17 has taken a fork
2 17 is eating
2 19 has taken a fork
2 19 has taken a fork
2 19 is eating
2 21 has taken a fork
2 21 has taken a fork
2 21 is eating
3 23 has taken a fork
3 23 has taken a fork
3 23 is eating
3 25 has taken a fork
3 25 has taken a fork
3 25 is eating
3 27 has taken a fork
3 27 has taken a fork
3 27 is eating
3 29 has taken a fork
3 29 has taken a fork
3 29 is eating
4 31 has taken a fork
4 31 has taken a fork
4 31 is eating
4 33 has taken a fork
4 33 has taken a fork
4 33 is eating
4 35 has taken a fork
4 35 has taken a fork
4 35 is eating
4 37 has taken a fork
4 37 has taken a fork
4 37 is eating
5 39 has taken a fork
5 39 has taken a fork
5 39 is eating
5 41 has taken a fork
5 41 has taken a fork
5 41 is eating
5 43 has taken a fork
5 43 has taken a fork
5 43 is eating
6 45 has taken a fork
6 45 has taken a fork
6 45 is eating
6 47 has taken a fork
6 47 has taken a fork
6 47 is eating
6 49 has taken a fork
6 49 has taken a fork
6 49 is eating
7 51 has taken a fork
7 51 has taken a fork
7 51 is eating
7 53 has taken a fork
7 53 has taken a fork
7 53 is eating
7 55 has taken a fork
7 55 has taken a fork
7 55 is eating
8 57 has taken a fork
8 57 has taken a fork
8 57 is eating
8 59 has taken a fork
8 59 has taken a fork
8 59 is eating
8 61 has taken a fork
8 61 has taken a fork
8 61 is eating
9 63 has taken a fork
9 63 has taken a fork
9 63 is eating
9 65 has taken a fork
9 65 has taken a fork
9 65 is eating
9 67 has taken a fork
9 67 has taken a fork
9 67 is eating
10 69 has taken a fork
10 69 has taken a fork
10 69 is eating
10 71 has taken a fork
10 71 has taken a fork
10 71 is eating
10 73 has taken a fork
10 73 has taken a fork
10 73 is eating
11 75 has taken a fork
11 75 has taken a fork
11 75 is eating
11 77 has taken a fork
11 77 has taken a fork
11 77 is eating
12 79 has taken a fork
12 79 has taken a fork
12 79 is eating
12 81 has taken a fork
12 81 has taken a fork
12 81 is eating
14 83 has taken a fork
14 83 has taken a fork
14 83 is eating
16 85 has taken a fork
16 85 has taken a fork
16 85 is eating
16 87 has taken a fork
16 87 has taken a fork
16 87 is eating
16 89 has taken a fork
17 89 has taken a fork
17 89 is eating
17 93 has taken a fork
17 91 has taken a fork
17 93 has taken a fork
17 91 has taken a fork
17 93 is eating
17 91 is eating
20 95 has taken a fork
20 95 has taken a fork
20 95 is eating
22 99 has taken a fork
22 99 has taken a fork
22 99 is eating
22 97 has taken a fork
22 97 has taken a fork
22 97 is eating
25 101 has taken a fork
25 101 has taken a fork
25 101 is eating
26 103 has taken a fork
26 103 has taken a fork
26 103 is eating
27 105 has taken a fork
27 105 has taken a fork
27 105 is eating
31 107 has taken a fork
31 107 has taken a fork
31 107 is eating
32 109 has taken a fork
32 109 has taken a fork
32 109 is eating
33 111 has taken a fork
33 111 has taken a fork
33 111 is eating
36 113 has taken a fork
36 113 has taken a fork
36 113 is eating
37 115 has taken a fork
37 115 has taken a fork
37 115 is eating
40 117 has taken a fork
40 117 has taken a fork
40 117 is eating
42 119 has taken a fork
42 119 has taken a fork
42 119 is eating
43 121 has taken a fork
43 121 has taken a fork
43 121 is eating
46 123 has taken a fork
46 123 has taken a fork
46 123 is eating
49 125 has taken a fork
49 125 has taken a fork
49 125 is eating
50 127 has taken a fork
50 127 has taken a fork
50 127 is eating
54 129 has taken a fork
54 129 has taken a fork
54 129 is eating
200 1 is sleeping
200 3 is sleeping
200 50 has taken a fork
200 62 has taken a fork
200 50 has taken a fork
200 62 has taken a fork
200 50 is eating
200 62 is eating
201 5 is sleeping
201 2 has taken a fork
201 2 has taken a fork
201 2 is eating
201 11 is sleeping
201 7 is sleeping
201 13 is sleeping
201 130 has taken a fork
201 9 is sleeping
201 14 has taken a fork
201 130 has taken a fork
201 116 has taken a fork
201 118 has taken a fork
201 14 has taken a fork
201 130 is eating
201 116 has taken a fork
201 118 has taken a fork
201 14 is eating
201 116 is eating
201 118 is eating
202 21 is sleeping
202 19 is sleeping
202 110 has taken a fork
202 15 is sleeping
202 110 has taken a fork
202 17 is sleeping
202 108 has taken a fork
202 122 has taken a fork
202 128 has taken a fork
202 110 is eating
202 108 has taken a fork
202 122 has taken a fork
202 128 has taken a fork
202 108 is eating
202 122 is eating
202 128 is eating
203 29 is sleeping
203 27 is sleeping
203 25 is sleeping
203 23 is sleeping
203 126 has taken a fork
203 126 has taken a fork
203 126 is eating
203 112 has taken a fork
203 112 has taken a fork
203 112 is eating
203 120 has taken a fork
203 124 has taken a fork
203 120 has taken a fork
203 120 is eating
203 124 has taken a fork
203 124 is eating
204 31 is sleeping
204 37 is sleeping
204 35 is sleeping
204 52 has taken a fork
204 52 has taken a fork
204 102 has taken a fork
204 52 is eating
204 33 is sleeping
204 102 has taken a fork
204 114 has taken a fork
204 102 is eating
204 114 has taken a fork
204 34 has taken a fork
204 114 is eating
204 34 has taken a fork
204 34 is eating
205 39 is sleeping
205 41 is sleeping
205 43 is sleeping
205 12 has taken a fork
205 42 has taken a fork
205 12 has taken a fork
205 64 has taken a fork
205 42 has taken a fork
205 12 is eating
205 64 has taken a fork
205 42 is eating
205 64 is eating
206 47 is sleeping
206 74 has taken a fork
206 45 is sleeping
206 74 has taken a fork
206 49 is sleeping
206 92 has taken a fork
206 70 has taken a fork
206 74 is eating
206 92 has taken a fork
206 70 has taken a fork
206 92 is eating
206 70 is eating
207 55 is sleeping
207 98 has taken a fork
207 98 has taken a fork
207 98 is eating
207 51 is sleeping
207 53 is sleeping
207 10 has taken a fork
207 10 has taken a fork
207 106 has taken a fork
207 10 is eating
207 106 has taken a fork
207 106 is eating
208 57 is sleeping
208 16 has taken a fork
208 16 has taken a fork
208 16 is eating
208 61 is sleeping
208 59 is sleeping
208 94 has taken a fork
208 94 has taken a fork
208 94 is eating
208 44 has taken a fork
208 44 has taken a fork
208 44 is eating
209 63 is sleeping
209 65 is sleeping
209 88 has taken a fork
209 67 is sleeping
209 88 has taken a fork
209 104 has taken a fork
209 84 has taken a fork
209 88 is eating
209 104 has taken a fork
209 84 has taken a fork
209 104 is eating
209 84 is eating
210 73 is sleeping
210 71 is sleeping
210 22 has taken a fork
210 22 has taken a fork
210 22 is eating
210 100 has taken a fork
210 100 has taken a fork
210 100 is eating
210 69 is sleeping
210 80 has taken a fork
210 80 has taken a fork
210 80 is eating
211 75 is sleeping
211 77 is sleeping
211 60 has taken a fork
211 60 has taken a fork
211 28 has taken a fork
211 60 is eating
211 28 has taken a fork
211 28 is eating
212 81 is sleeping
212 79 is sleeping
212 68 has taken a fork
212 68 has taken a fork
212 68 is eating
212 6 has taken a fork
212 6 has taken a fork
212 6 is eating
214 83 is sleeping
214 90 has taken a fork
214 90 has taken a fork
214 90 is eating
216 89 is sleeping
216 87 is sleeping
216 4 has taken a fork
216 38 has taken a fork
216 85 is sleeping
216 4 has taken a fork
216 38 has taken a fork
217 58 has taken a fork
217 4 is eating
217 38 is eating
217 58 has taken a fork
217 91 is sleeping
217 96 has taken a fork
217 93 is sleeping
217 58 is eating
217 24 has taken a fork
218 96 has taken a fork
218 24 has taken a fork
218 96 is eating
218 24 is eating
220 95 is sleeping
220 32 has taken a fork
220 32 has taken a fork
220 32 is eating
222 97 is sleeping
222 20 has taken a fork
222 20 has taken a fork
222 20 is eating
222 99 is sleeping
222 46 has taken a fork
222 46 has taken a fork
222 46 is eating
226 103 is sleeping
226 101 is sleeping
226 40 has taken a fork
226 56 has taken a fork
226 40 has taken a fork
226 56 has taken a fork
226 40 is eating
226 56 is eating
227 105 is sleeping
227 54 has taken a fork
227 54 has taken a fork
227 54 is eating
230 107 is sleeping
230 82 has taken a fork
230 82 has taken a fork
230 82 is eating
232 109 is sleeping
232 86 has taken a fork
232 86 has taken a fork
232 86 is eating
234 111 is sleeping
234 48 has taken a fork
234 48 has taken a fork
234 48 is eating
236 113 is sleeping
237 26 has taken a fork
237 26 has taken a fork
237 26 is eating
237 115 is sleeping
238 76 has taken a fork
238 76 has taken a fork
238 76 is eating
240 117 is sleeping
240 8 has taken a fork
240 8 has taken a fork
240 8 is eating
242 119 is sleeping
242 78 has taken a fork
242 78 has taken a fork
242 78 is eating
243 121 is sleeping
243 66 has taken a fork
243 66 has taken a fork
243 66 is eating
246 123 is sleeping
246 18 has taken a fork
246 18 has taken a fork
246 18 is eating
250 125 is sleeping
250 127 is sleeping
250 36 has taken a fork
250 36 has taken a fork
250 36 is eating
250 30 has taken a fork
250 30 has taken a fork
250 30 is eating
254 129 is sleeping
254 72 has taken a fork
254 72 has taken a fork
254 72 is eating
400 62 is sleeping
400 131 has taken a fork
400 50 is sleeping
400 131 has taken a fork
401 1 is thinking
401 3 is thinking
402 131 is eating
402 118 is sleeping
403 7 is thinking
403 5 is thinking
403 11 is thinking
404 9 is thinking
404 116 is sleeping
404 13 is thinking
404 130 is sleeping
404 14 is sleeping
404 2 is sleeping
404 15 is thinking
404 122 is sleeping
405 19 is thinking
406 128 is sleeping
406 108 is sleeping
406 17 is thinking
406 110 is sleeping
407 21 is thinking
407 29 is thinking
408 23 is thinking
408 124 is sleeping
408 112 is sleeping
408 27 is thinking
409 25 is thinking
409 120 is sleeping
409 126 is sleeping
409 34 is sleeping
409 52 is sleeping
409 102 is sleeping
410 114 is sleeping
410 35 is thinking
411 31 is thinking
411 37 is thinking
411 33 is thinking
411 12 is sleeping
411 42 is sleeping
411 64 is sleeping
412 39 is thinking
412 43 is thinking
413 41 is thinking
413 92 is sleeping
413 49 is thinking
413 45 is thinking
413 74 is sleeping
413 70 is sleeping
413 47 is thinking
413 55 is thinking
413 106 is sleeping
413 10 is sleeping
414 98 is sleeping
414 53 is thinking
414 51 is thinking
415 16 is sleeping
415 44 is sleeping
415 94 is sleeping
415 57 is thinking
415 59 is thinking
415 61 is thinking
415 84 is sleeping
415 104 is sleeping
415 88 is sleeping
415 67 is thinking
415 65 is thinking
415 63 is thinking
415 22 is sleeping
415 100 is sleeping
416 80 is sleeping
416 69 is thinking
416 73 is thinking
416 71 is thinking
416 28 is sleeping
416 60 is sleeping
416 77 is thinking
416 75 is thinking
416 68 is sleeping
416 6 is sleeping
417 81 is thinking
418 79 is thinking
418 83 is thinking
418 90 is sleeping
419 4 is sleeping
419 85 is thinking
419 38 is sleeping
419 58 is sleeping
419 87 is thinking
419 89 is thinking
420 96 is sleeping
420 24 is sleeping
421 93 is thinking
421 91 is thinking
421 32 is sleeping
421 95 is thinking
422 99 is thinking
422 46 is sleeping
422 20 is sleeping
422 97 is thinking
426 103 is thinking
426 101 is thinking
426 56 is sleeping
426 40 is sleeping
427 54 is sleeping
427 105 is thinking
430 82 is sleeping
430 107 is thinking
432 86 is sleeping
432 109 is thinking
434 111 is thinking
434 48 is sleeping
436 113 is thinking
437 76 is sleeping
437 26 is sleeping
437 115 is thinking
440 117 is thinking
440 8 is sleeping
442 119 is thinking
442 78 is sleeping
443 121 is thinking
443 66 is sleeping
446 123 is thinking
446 18 is sleeping
450 127 is thinking
450 125 is thinking
452 36 is sleeping
452 30 is sleeping
454 129 is thinking
454 72 is sleeping
596 3 died
