0 1 has taken a fork
0 1 has taken a fork
0 1 is eating
0 3 has taken a fork
0 3 has taken a fork
0 3 is eating
1 5 has taken a fork
1 5 has taken a fork
1 5 is eating
1 7 has taken a fork
1 7 has taken a fork
1 7 is eating
1 9 has taken a fork
1 9 has taken a fork
1 9 is eating
1 11 has taken a fork
1 11 has taken a fork
1 11 is eating
1 13 has taken a fork
1 13 has taken a fork
1 13 is eating
2 15 has taken a fork
2 15 has taken a fork
2 15 is eating
2 17 has taken a fork
2 17 has taken a fork
2 17 is eating
2 19 has taken a fork
2 19 has taken a fork
2 19 is eating
3 21 has taken a fork
3 21 has taken a fork
3 21 is eating
3 23 has taken a fork
3 23 has taken a fork
3 23 is eating
3 25 has taken a fork
3 25 has taken a fork
3 25 is eating
4 27 has taken a fork
4 27 has taken a fork
4 27 is eating
4 29 has taken a fork
4 29 has taken a fork
4 29 is eating
200 1 is sleeping
200 22 has taken a fork
200 3 is sleeping
200 16 has taken a fork
200 22 has taken a fork
200 16 has taken a fork
200 22 is eating
200 16 is eating
201 5 is sleeping
201 13 is sleeping
201 14 has taken a fork
201 2 has taken a fork
201 14 has taken a fork
201 2 has taken a fork
201 11 is sleeping
201 7 is sleeping
201 4 has taken a fork
201 9 is sleeping
201 14 is eating
201 8 has taken a fork
201 18 has taken a fork
201 2 is eating
201 4 has taken a fork
201 8 has taken a fork
201 18 has taken a fork
201 4 is eating
201 8 is eating
201 18 is eating
202 19 is sleeping
202 17 is sleeping
202 28 has taken a fork
202 6 has taken a fork
202 15 is sleeping
202 26 has taken a fork
202 28 has taken a fork
202 6 has taken a fork
202 26 has taken a fork
202 28 is eating
202 6 is eating
202 26 is eating
203 27 is sleeping
203 24 has taken a fork
203 24 has taken a fork
203 24 is eating
203 25 is sleeping
203 23 is sleeping
203 10 has taken a fork
203 30 has taken a fork
203 21 is sleeping
203 10 has taken a fork
203 12 has taken a fork
203 30 has taken a fork
203 10 is eating
203 12 has taken a fork
203 30 is eating
203 12 is eating
204 29 is sleeping
204 20 has taken a fork
204 20 has taken a fork
204 20 is eating
400 1 is thinking
400 16 is sleeping
400 22 is sleeping
400 31 has taken a fork
400 3 is thinking
400 31 has taken a fork
400 31 is eating
401 14 is sleeping
401 13 is thinking
401 8 is sleeping
401 4 is sleeping
401 5 is thinking
401 7 is thinking
401 11 is thinking
401 9 is thinking
401 18 is sleeping
401 2 is sleeping
402 19 is thinking
402 17 is thinking
402 28 is sleeping
402 15 is thinking
402 6 is sleeping
402 26 is sleeping
403 10 is sleeping
403 25 is thinking
403 21 is thinking
403 12 is sleeping
403 24 is sleeping
403 30 is sleeping
403 23 is thinking
403 27 is thinking
404 20 is sleeping
404 29 is thinking
599 1 died
