0 1 has taken a fork
0 1 has taken a fork
0 1 is eating
0 3 has taken a fork
0 3 has taken a fork
0 3 is eating
1 5 has taken a fork
1 5 has taken a fork
1 5 is eating
1 7 has taken a fork
1 7 has taken a fork
1 7 is eating
1 9 has taken a fork
1 9 has taken a fork
1 9 is eating
1 11 has taken a fork
1 11 has taken a fork
1 11 is eating
2 13 has taken a fork
2 13 has taken a fork
2 13 is eating
2 15 has taken a fork
2 15 has taken a fork
2 15 is eating
2 17 has taken a fork
2 17 has taken a fork
2 17 is eating
2 19 has taken a fork
2 19 has taken a fork
2 19 is eating
3 21 has taken a fork
3 21 has taken a fork
3 21 is eating
3 23 has taken a fork
3 23 has taken a fork
3 23 is eating
3 25 has taken a fork
3 25 has taken a fork
3 25 is eating
3 27 has taken a fork
3 27 has taken a fork
3 27 is eating
4 29 has taken a fork
4 29 has taken a fork
4 29 is eating
4 31 has taken a fork
4 31 has taken a fork
4 31 is eating
4 33 has taken a fork
4 33 has taken a fork
4 33 is eating
4 35 has taken a fork
4 35 has taken a fork
4 35 is eating
5 37 has taken a fork
5 37 has taken a fork
5 37 is eating
5 39 has taken a fork
5 39 has taken a fork
5 39 is eating
5 41 has taken a fork
5 41 has taken a fork
5 41 is eating
6 43 has taken a fork
6 43 has taken a fork
6 43 is eating
6 45 has taken a fork
6 45 has taken a fork
6 45 is eating
6 47 has taken a fork
6 47 has taken a fork
6 47 is eating
7 49 has taken a fork
7 49 has taken a fork
7 49 is eating
7 51 has taken a fork
7 51 has taken a fork
7 51 is eating
7 53 has taken a fork
8 53 has taken a fork
8 53 is eating
8 55 has taken a fork
8 55 has taken a fork
8 55 is eating
8 57 has taken a fork
8 57 has taken a fork
8 57 is eating
8 59 has taken a fork
8 59 has taken a fork
8 59 is eating
9 61 has taken a fork
9 61 has taken a fork
9 61 is eating
9 63 has taken a fork
9 63 has taken a fork
9 63 is eating
10 65 has taken a fork
10 65 has taken a fork
10 65 is eating
12 67 has taken a fork
12 67 has taken a fork
12 67 is eating
12 69 has taken a fork
12 69 has taken a fork
12 69 is eating
12 71 has taken a fork
12 71 has taken a fork
12 71 is eating
14 73 has taken a fork
14 73 has taken a fork
14 73 is eating
14 75 has taken a fork
14 75 has taken a fork
14 75 is eating
14 77 has taken a fork
14 77 has taken a fork
14 77 is eating
15 79 has taken a fork
15 79 has taken a fork
15 79 is eating
18 83 has taken a fork
18 83 has taken a fork
18 83 is eating
18 81 has taken a fork
18 81 has taken a fork
18 81 is eating
19 85 has taken a fork
19 87 has taken a fork
19 85 has taken a fork
19 87 has taken a fork
20 85 is eating
20 87 is eating
20 89 has taken a fork
20 89 has taken a fork
20 89 is eating
20 91 has taken a fork
20 91 has taken a fork
20 91 is eating
22 93 has taken a fork
22 93 has taken a fork
22 93 is eating
23 95 has taken a fork
23 95 has taken a fork
23 95 is eating
26 97 has taken a fork
26 97 has taken a fork
26 97 is eating
28 99 has taken a fork
28 99 has taken a fork
28 99 is eating
29 101 has taken a fork
29 101 has taken a fork
29 101 is eating
32 103 has taken a fork
32 103 has taken a fork
32 103 is eating
35 105 has taken a fork
35 105 has taken a fork
35 105 is eating
37 107 has taken a fork
37 107 has taken a fork
37 107 is eating
40 109 has taken a fork
40 109 has taken a fork
40 109 is eating
42 111 has taken a fork
42 111 has taken a fork
42 111 is eating
44 113 has taken a fork
44 113 has taken a fork
44 113 is eating
45 115 has taken a fork
45 115 has taken a fork
45 115 is eating
48 117 has taken a fork
48 117 has taken a fork
48 117 is eating
50 119 has taken a fork
50 119 has taken a fork
50 119 is eating
51 121 has taken a fork
51 121 has taken a fork
51 121 is eating
54 123 has taken a fork
54 123 has taken a fork
54 123 is eating
57 125 has taken a fork
57 125 has taken a fork
57 125 is eating
59 127 has taken a fork
60 127 has taken a fork
60 127 is eating
62 129 has taken a fork
62 129 has taken a fork
62 129 is eating
200 3 is sleeping
200 1 is sleeping
200 56 has taken a fork
200 56 has taken a fork
200 56 is eating
200 6 has taken a fork
200 6 has taken a fork
200 6 is eating
201 11 is sleeping
201 9 is sleeping
201 52 has taken a fork
201 52 has taken a fork
201 52 is eating
201 5 is sleeping
201 32 has taken a fork
201 64 has taken a fork
201 7 is sleeping
201 32 has taken a fork
201 64 has taken a fork
201 38 has taken a fork
201 32 is eating
201 64 is eating
201 38 has taken a fork
201 38 is eating
202 19 is sleeping
202 13 is sleeping
202 17 is sleeping
202 82 has taken a fork
202 15 is sleeping
202 110 has taken a fork
202 116 has taken a fork
202 82 has taken a fork
202 76 has taken a fork
202 110 has taken a fork
202 116 has taken a fork
202 82 is eating
202 76 has taken a fork
202 110 is eating
202 116 is eating
202 76 is eating
203 23 is sleeping
203 25 is sleeping
203 21 is sleeping
203 27 is sleeping
203 120 has taken a fork
203 120 has taken a fork
203 120 is eating
203 84 has taken a fork
203 84 has taken a fork
203 98 has taken a fork
203 84 is eating
203 106 has taken a fork
203 98 has taken a fork
203 106 has taken a fork
203 98 is eating
203 106 is eating
204 29 is sleeping
204 94 has taken a fork
204 94 has taken a fork
204 33 is sleeping
204 94 is eating
204 35 is sleeping
204 31 is sleeping
204 122 has taken a fork
204 102 has taken a fork
204 100 has taken a fork
204 122 has taken a fork
204 102 has taken a fork
204 100 has taken a fork
204 122 is eating
205 102 is eating
205 100 is eating
205 41 is sleeping
205 37 is sleeping
205 39 is sleeping
205 124 has taken a fork
205 86 has taken a fork
205 118 has taken a fork
206 124 has taken a fork
206 86 has taken a fork
206 118 has taken a fork
206 43 is sleeping
206 66 has taken a fork
206 45 is sleeping
206 47 is sleeping
206 40 has taken a fork
206 124 is eating
206 78 has taken a fork
206 86 is eating
207 118 is eating
207 66 has taken a fork
207 40 has taken a fork
207 78 has taken a fork
207 49 is sleeping
207 53 is sleeping
207 60 has taken a fork
207 30 has taken a fork
207 66 is eating
207 40 is eating
208 78 is eating
208 51 is sleeping
208 114 has taken a fork
208 60 has taken a fork
208 30 has taken a fork
208 57 is sleeping
208 55 is sleeping
208 92 has taken a fork
209 59 is sleeping
209 96 has taken a fork
209 104 has taken a fork
209 114 has taken a fork
209 60 is eating
209 30 is eating
209 92 has taken a fork
209 96 has taken a fork
209 61 is sleeping
209 104 has taken a fork
209 108 has taken a fork
209 114 is eating
209 63 is sleeping
209 20 has taken a fork
209 92 is eating
209 96 is eating
209 104 is eating
210 108 has taken a fork
210 20 has taken a fork
210 65 is sleeping
211 16 has taken a fork
211 108 is eating
211 20 is eating
212 16 has taken a fork
212 16 is eating
212 67 is sleeping
212 74 has taken a fork
212 74 has taken a fork
212 74 is eating
212 69 is sleeping
212 71 is sleeping
212 48 has taken a fork
212 48 has taken a fork
212 24 has taken a fork
212 48 is eating
212 24 has taken a fork
212 24 is eating
214 73 is sleeping
214 72 has taken a fork
214 75 is sleeping
214 50 has taken a fork
214 72 has taken a fork
214 50 has taken a fork
214 77 is sleeping
214 72 is eating
214 126 has taken a fork
214 50 is eating
214 126 has taken a fork
214 126 is eating
215 79 is sleeping
215 18 has taken a fork
215 18 has taken a fork
215 18 is eating
218 81 is sleeping
218 26 has taken a fork
218 26 has taken a fork
218 26 is eating
218 83 is sleeping
218 2 has taken a fork
218 2 has taken a fork
218 2 is eating
219 85 is sleeping
219 34 has taken a fork
219 34 has taken a fork
219 34 is eating
219 87 is sleeping
219 12 has taken a fork
219 12 has taken a fork
219 12 is eating
220 91 is sleeping
220 89 is sleeping
220 28 has taken a fork
220 28 has taken a fork
220 28 is eating
220 8 has taken a fork
220 8 has taken a fork
220 8 is eating
222 93 is sleeping
222 36 has taken a fork
222 36 has taken a fork
222 36 is eating
223 95 is sleeping
223 112 has taken a fork
223 112 has taken a fork
223 112 is eating
226 97 is sleeping
226 14 has taken a fork
226 14 has taken a fork
226 14 is eating
228 99 is sleeping
228 4 has taken a fork
228 4 has taken a fork
228 4 is eating
229 101 is sleeping
229 62 has taken a fork
229 62 has taken a fork
229 62 is eating
232 103 is sleeping
232 128 has taken a fork
232 128 has taken a fork
232 128 is eating
235 105 is sleeping
235 54 has taken a fork
235 54 has taken a fork
235 54 is eating
237 107 is sleeping
237 10 has taken a fork
237 10 has taken a fork
237 10 is eating
240 109 is sleeping
240 44 has taken a fork
240 44 has taken a fork
240 44 is eating
242 111 is sleeping
242 68 has taken a fork
242 68 has taken a fork
242 68 is eating
244 113 is sleeping
244 58 has taken a fork
244 58 has taken a fork
244 58 is eating
245 88 has taken a fork
245 115 is sleeping
245 88 has taken a fork
245 88 is eating
248 117 is sleeping
248 80 has taken a fork
248 80 has taken a fork
248 80 is eating
249 119 is sleeping
249 90 has taken a fork
249 90 has taken a fork
249 90 is eating
251 121 is sleeping
251 70 has taken a fork
251 70 has taken a fork
251 70 is eating
254 123 is sleeping
254 22 has taken a fork
254 22 has taken a fork
254 22 is eating
257 125 is sleeping
257 46 has taken a fork
257 46 has taken a fork
257 46 is eating
259 127 is sleeping
259 42 has taken a fork
259 42 has taken a fork
259 42 is eating
262 129 is sleeping
262 130 has taken a fork
262 130 has taken a fork
262 130 is eating
400 3 is thinking
400 6 is sleeping
400 56 is sleeping
400 1 is thinking
400 131 has taken a fork
400 131 has taken a fork
400 131 is eating
401 5 is thinking
401 38 is sleeping
401 64 is sleeping
401 32 is sleeping
401 11 is thinking
401 7 is thinking
401 9 is thinking
401 52 is sleeping
402 116 is sleeping
402 110 is sleeping
402 76 is sleeping
402 15 is thinking
402 82 is sleeping
402 13 is thinking
402 19 is thinking
402 17 is thinking
403 120 is sleeping
403 23 is thinking
403 25 is thinking
404 98 is sleeping
404 84 is sleeping
404 106 is sleeping
404 21 is thinking
404 27 is thinking
404 31 is thinking
404 94 is sleeping
404 122 is sleeping
404 102 is sleeping
404 35 is thinking
404 100 is sleeping
404 33 is thinking
404 29 is thinking
405 86 is sleeping
405 124 is sleeping
405 39 is thinking
405 41 is thinking
405 118 is sleeping
405 37 is thinking
406 47 is thinking
406 45 is thinking
406 78 is sleeping
406 43 is thinking
406 66 is sleeping
406 40 is sleeping
407 30 is sleeping
407 114 is sleeping
407 49 is thinking
407 53 is thinking
407 60 is sleeping
408 51 is thinking
408 57 is thinking
408 104 is sleeping
408 92 is sleeping
408 55 is thinking
408 96 is sleeping
409 63 is thinking
409 20 is sleeping
409 59 is thinking
409 61 is thinking
409 108 is sleeping
410 65 is thinking
410 16 is sleeping
412 48 is sleeping
412 69 is thinking
412 67 is thinking
412 71 is thinking
412 74 is sleeping
412 24 is sleeping
414 126 is sleeping
414 50 is sleeping
414 77 is thinking
414 75 is thinking
414 73 is thinking
414 72 is sleeping
415 18 is sleeping
415 79 is thinking
418 83 is thinking
419 81 is thinking
419 87 is thinking
419 85 is thinking
419 2 is sleeping
420 26 is sleeping
420 12 is sleeping
420 34 is sleeping
420 89 is thinking
420 28 is sleeping
420 8 is sleeping
420 91 is thinking
422 36 is sleeping
422 93 is thinking
423 112 is sleeping
423 95 is thinking
426 14 is sleeping
426 97 is thinking
428 4 is sleeping
428 99 is thinking
429 101 is thinking
429 62 is sleeping
432 103 is thinking
432 128 is sleeping
435 54 is sleeping
435 105 is thinking
437 10 is sleeping
437 107 is thinking
440 109 is thinking
440 44 is sleeping
442 68 is sleeping
442 111 is thinking
444 58 is sleeping
444 113 is thinking
445 115 is thinking
445 88 is sleeping
448 117 is thinking
448 80 is sleeping
449 119 is thinking
449 90 is sleeping
451 121 is thinking
451 70 is sleeping
454 22 is sleeping
454 123 is thinking
457 125 is thinking
457 46 is sleeping
459 127 is thinking
459 42 is sleeping
462 129 is thinking
462 130 is sleeping
596 1 died
