0 1 has taken a fork
0 1 has taken a fork
0 1 is eating
1 3 has taken a fork
1 3 has taken a fork
1 3 is eating
1 5 has taken a fork
1 5 has taken a fork
1 5 is eating
1 7 has taken a fork
1 7 has taken a fork
1 7 is eating
1 9 has taken a fork
1 9 has taken a fork
1 9 is eating
1 11 has taken a fork
1 11 has taken a fork
1 11 is eating
2 13 has taken a fork
2 13 has taken a fork
2 13 is eating
2 15 has taken a fork
2 15 has taken a fork
2 15 is eating
2 17 has taken a fork
2 17 has taken a fork
2 17 is eating
2 19 has taken a fork
2 19 has taken a fork
2 19 is eating
2 21 has taken a fork
2 21 has taken a fork
2 21 is eating
3 23 has taken a fork
3 23 has taken a fork
3 23 is eating
3 25 has taken a fork
3 25 has taken a fork
3 25 is eating
3 27 has taken a fork
3 27 has taken a fork
3 27 is eating
3 29 has taken a fork
3 29 has taken a fork
4 29 is eating
4 31 has taken a fork
4 31 has taken a fork
4 31 is eating
4 33 has taken a fork
4 33 has taken a fork
4 33 is eating
4 35 has taken a fork
5 35 has taken a fork
5 35 is eating
5 37 has taken a fork
5 37 has taken a fork
5 37 is eating
5 39 has taken a fork
5 39 has taken a fork
5 39 is eating
5 41 has taken a fork
5 41 has taken a fork
5 41 is eating
5 43 has taken a fork
5 43 has taken a fork
5 43 is eating
6 45 has taken a fork
6 45 has taken a fork
6 45 is eating
6 47 has taken a fork
6 47 has taken a fork
6 47 is eating
6 49 has taken a fork
6 49 has taken a fork
6 49 is eating
7 51 has taken a fork
7 51 has taken a fork
7 51 is eating
7 53 has taken a fork
7 53 has taken a fork
7 53 is eating
7 55 has taken a fork
7 55 has taken a fork
7 55 is eating
8 57 has taken a fork
8 57 has taken a fork
8 57 is eating
8 59 has taken a fork
8 59 has taken a fork
8 59 is eating
8 61 has taken a fork
8 61 has taken a fork
8 61 is eating
8 63 has taken a fork
8 63 has taken a fork
8 63 is eating
11 65 has taken a fork
11 65 has taken a fork
11 65 is eating
13 67 has taken a fork
13 67 has taken a fork
13 67 is eating
14 69 has taken a fork
14 69 has taken a fork
14 69 is eating
15 71 has taken a fork
15 71 has taken a fork
15 71 is eating
16 73 has taken a fork
16 73 has taken a fork
16 73 is eating
16 75 has taken a fork
16 75 has taken a fork
16 75 is eating
18 77 has taken a fork
18 77 has taken a fork
18 77 is eating
19 79 has taken a fork
19 79 has taken a fork
19 79 is eating
21 81 has taken a fork
21 81 has taken a fork
21 81 is eating
22 83 has taken a fork
22 83 has taken a fork
22 83 is eating
22 85 has taken a fork
22 85 has taken a fork
22 85 is eating
23 87 has taken a fork
23 87 has taken a fork
23 87 is eating
23 89 has taken a fork
23 89 has taken a fork
23 89 is eating
23 91 has taken a fork
23 91 has taken a fork
23 91 is eating
24 93 has taken a fork
24 93 has taken a fork
24 93 is eating
26 95 has taken a fork
26 95 has taken a fork
26 95 is eating
27 97 has taken a fork
27 97 has taken a fork
27 97 is eating
27 99 has taken a fork
27 99 has taken a fork
27 99 is eating
29 101 has taken a fork
29 101 has taken a fork
29 101 is eating
32 103 has taken a fork
32 103 has taken a fork
32 103 is eating
34 105 has taken a fork
34 105 has taken a fork
34 105 is eating
37 107 has taken a fork
37 107 has taken a fork
37 107 is eating
40 109 has taken a fork
40 109 has taken a fork
40 109 is eating
41 111 has taken a fork
41 111 has taken a fork
41 111 is eating
44 113 has taken a fork
44 113 has taken a fork
44 113 is eating
45 115 has taken a fork
45 115 has taken a fork
45 115 is eating
47 117 has taken a fork
47 117 has taken a fork
47 117 is eating
50 119 has taken a fork
50 119 has taken a fork
50 119 is eating
52 121 has taken a fork
52 121 has taken a fork
52 121 is eating
55 123 has taken a fork
55 123 has taken a fork
55 123 is eating
57 125 has taken a fork
57 125 has taken a fork
57 125 is eating
58 127 has taken a fork
58 127 has taken a fork
58 127 is eating
59 129 has taken a fork
59 129 has taken a fork
59 129 is eating
200 1 is sleeping
200 82 has taken a fork
200 82 has taken a fork
200 82 is eating
201 5 is sleeping
201 11 is sleeping
201 92 has taken a fork
201 106 has taken a fork
201 9 is sleeping
201 3 is sleeping
201 7 is sleeping
201 92 has taken a fork
201 86 has taken a fork
201 84 has taken a fork
201 106 has taken a fork
201 62 has taken a fork
201 92 is eating
201 86 has taken a fork
201 84 has taken a fork
201 106 is eating
201 62 has taken a fork
201 86 is eating
201 84 is eating
201 62 is eating
202 15 is sleeping
202 19 is sleeping
202 17 is sleeping
202 13 is sleeping
202 104 has taken a fork
202 68 has taken a fork
202 21 is sleeping
202 104 has taken a fork
202 94 has taken a fork
202 68 has taken a fork
202 14 has taken a fork
203 72 has taken a fork
203 104 is eating
203 94 has taken a fork
203 68 is eating
203 14 has taken a fork
203 72 has taken a fork
203 94 is eating
203 14 is eating
203 23 is sleeping
203 25 is sleeping
203 29 is sleeping
203 78 has taken a fork
203 27 is sleeping
203 20 has taken a fork
203 72 is eating
203 58 has taken a fork
203 54 has taken a fork
203 78 has taken a fork
203 20 has taken a fork
203 58 has taken a fork
203 54 has taken a fork
203 78 is eating
203 20 is eating
203 58 is eating
203 54 is eating
204 33 is sleeping
204 4 has taken a fork
204 31 is sleeping
204 4 has taken a fork
204 35 is sleeping
204 42 has taken a fork
204 44 has taken a fork
204 4 is eating
204 42 has taken a fork
204 44 has taken a fork
204 42 is eating
204 44 is eating
205 43 is sleeping
205 36 has taken a fork
205 41 is sleeping
205 10 has taken a fork
205 36 has taken a fork
205 39 is sleeping
205 12 has taken a fork
205 10 has taken a fork
205 28 has taken a fork
205 36 is eating
205 37 is sleeping
205 12 has taken a fork
205 10 is eating
205 28 has taken a fork
205 12 is eating
205 28 is eating
206 49 is sleeping
206 45 is sleeping
206 2 has taken a fork
206 34 has taken a fork
206 47 is sleeping
206 56 has taken a fork
206 2 has taken a fork
206 34 has taken a fork
206 56 has taken a fork
206 2 is eating
206 34 is eating
206 56 is eating
207 55 is sleeping
207 60 has taken a fork
207 60 has taken a fork
207 60 is eating
207 51 is sleeping
207 16 has taken a fork
207 16 has taken a fork
207 16 is eating
207 53 is sleeping
207 18 has taken a fork
207 18 has taken a fork
207 18 is eating
208 63 is sleeping
208 57 is sleeping
208 61 is sleeping
208 38 has taken a fork
208 40 has taken a fork
208 26 has taken a fork
208 59 is sleeping
208 38 has taken a fork
208 52 has taken a fork
208 40 has taken a fork
208 26 has taken a fork
208 38 is eating
208 52 has taken a fork
208 40 is eating
208 26 is eating
208 52 is eating
211 65 is sleeping
211 6 has taken a fork
211 6 has taken a fork
211 6 is eating
213 67 is sleeping
213 46 has taken a fork
213 46 has taken a fork
213 46 is eating
214 69 is sleeping
214 50 has taken a fork
214 50 has taken a fork
214 50 is eating
215 71 is sleeping
215 30 has taken a fork
215 30 has taken a fork
215 30 is eating
216 73 is sleeping
216 24 has taken a fork
216 24 has taken a fork
216 24 is eating
216 75 is sleeping
216 96 has taken a fork
216 96 has taken a fork
216 96 is eating
218 77 is sleeping
218 88 has taken a fork
218 88 has taken a fork
218 88 is eating
219 79 is sleeping
219 116 has taken a fork
219 116 has taken a fork
219 116 is eating
221 81 is sleeping
221 130 has taken a fork
221 130 has taken a fork
221 130 is eating
222 83 is sleeping
222 85 is sleeping
222 110 has taken a fork
222 110 has taken a fork
222 110 is eating
222 108 has taken a fork
222 108 has taken a fork
222 108 is eating
223 89 is sleeping
223 87 is sleeping
223 122 has taken a fork
223 91 is sleeping
223 122 has taken a fork
223 128 has taken a fork
223 22 has taken a fork
224 122 is eating
224 128 has taken a fork
224 22 has taken a fork
224 128 is eating
224 93 is sleeping
224 112 has taken a fork
224 22 is eating
224 112 has taken a fork
224 112 is eating
226 95 is sleeping
226 32 has taken a fork
226 32 has taken a fork
226 32 is eating
227 97 is sleeping
227 99 is sleeping
227 126 has taken a fork
227 126 has taken a fork
227 126 is eating
227 118 has taken a fork
227 118 has taken a fork
227 118 is eating
229 101 is sleeping
229 114 has taken a fork
229 114 has taken a fork
229 114 is eating
232 103 is sleeping
232 120 has taken a fork
232 120 has taken a fork
232 120 is eating
234 105 is sleeping
234 76 has taken a fork
234 76 has taken a fork
234 76 is eating
237 107 is sleeping
237 8 has taken a fork
237 8 has taken a fork
237 8 is eating
240 109 is sleeping
240 64 has taken a fork
240 64 has taken a fork
240 64 is eating
241 111 is sleeping
241 90 has taken a fork
241 90 has taken a fork
241 90 is eating
244 113 is sleeping
244 102 has taken a fork
244 102 has taken a fork
244 102 is eating
244 115 is sleeping
244 74 has taken a fork
244 74 has taken a fork
244 74 is eating
247 117 is sleeping
247 80 has taken a fork
247 80 has taken a fork
247 80 is eating
250 119 is sleeping
250 98 has taken a fork
250 98 has taken a fork
250 98 is eating
252 121 is sleeping
252 70 has taken a fork
252 70 has taken a fork
252 70 is eating
255 123 is sleeping
255 124 has taken a fork
255 124 has taken a fork
255 124 is eating
257 125 is sleeping
258 100 has taken a fork
258 100 has taken a fork
258 100 is eating
258 127 is sleeping
258 48 has taken a fork
258 48 has taken a fork
258 48 is eating
259 129 is sleeping
259 66 has taken a fork
259 66 has taken a fork
259 66 is eating
400 82 is sleeping
400 131 has taken a fork
400 131 has taken a fork
400 131 is eating
400 1 is thinking
401 7 is thinking
401 3 is thinking
401 9 is thinking
401 92 is sleeping
401 11 is thinking
401 62 is sleeping
401 84 is sleeping
401 106 is sleeping
402 86 is sleeping
402 5 is thinking
402 19 is thinking
402 68 is sleeping
402 72 is sleeping
402 13 is thinking
402 14 is sleeping
403 21 is thinking
403 104 is sleeping
403 94 is sleeping
403 17 is thinking
403 15 is thinking
403 25 is thinking
403 78 is sleeping
403 27 is thinking
403 29 is thinking
403 23 is thinking
404 54 is sleeping
404 58 is sleeping
404 20 is sleeping
404 33 is thinking
404 42 is sleeping
404 35 is thinking
404 4 is sleeping
404 31 is thinking
404 44 is sleeping
405 39 is thinking
405 43 is thinking
405 37 is thinking
405 10 is sleeping
405 41 is thinking
405 36 is sleeping
405 28 is sleeping
405 12 is sleeping
406 45 is thinking
406 47 is thinking
406 49 is thinking
406 34 is sleeping
406 2 is sleeping
406 56 is sleeping
407 53 is thinking
407 51 is thinking
407 55 is thinking
407 60 is sleeping
407 16 is sleeping
407 18 is sleeping
408 59 is thinking
408 57 is thinking
408 63 is thinking
408 61 is thinking
409 38 is sleeping
409 52 is sleeping
409 40 is sleeping
410 26 is sleeping
411 6 is sleeping
411 65 is thinking
413 46 is sleeping
413 67 is thinking
414 69 is thinking
414 50 is sleeping
415 30 is sleeping
415 71 is thinking
416 75 is thinking
416 24 is sleeping
416 96 is sleeping
417 73 is thinking
418 77 is thinking
418 88 is sleeping
419 79 is thinking
419 116 is sleeping
421 81 is thinking
421 130 is sleeping
422 85 is thinking
422 83 is thinking
422 110 is sleeping
422 108 is sleeping
423 91 is thinking
423 128 is sleeping
423 89 is thinking
424 122 is sleeping
424 22 is sleeping
424 87 is thinking
424 112 is sleeping
424 93 is thinking
426 95 is thinking
426 32 is sleeping
427 126 is sleeping
427 99 is thinking
427 118 is sleeping
427 97 is thinking
429 101 is thinking
429 114 is sleeping
432 103 is thinking
432 120 is sleeping
434 76 is sleeping
434 105 is thinking
437 8 is sleeping
437 107 is thinking
440 64 is sleeping
442 111 is thinking
442 90 is sleeping
442 109 is thinking
444 113 is thinking
444 74 is sleeping
444 102 is sleeping
444 115 is thinking
447 117 is thinking
447 80 is sleeping
450 98 is sleeping
450 119 is thinking
452 70 is sleeping
452 121 is thinking
455 124 is sleeping
455 123 is thinking
457 125 is thinking
458 48 is sleeping
458 127 is thinking
458 100 is sleeping
459 66 is sleeping
459 129 is thinking
596 1 died
