0 1 has taken a fork
0 1 has taken a fork
0 1 is eating
1 3 has taken a fork
1 3 has taken a fork
1 3 is eating
1 5 has taken a fork
1 5 has taken a fork
1 5 is eating
1 7 has taken a fork
1 7 has taken a fork
1 7 is eating
1 9 has taken a fork
1 9 has taken a fork
1 9 is eating
1 11 has taken a fork
1 11 has taken a fork
1 11 is eating
2 13 has taken a fork
2 13 has taken a fork
2 13 is eating
2 15 has taken a fork
2 15 has taken a fork
2 15 is eating
2 17 has taken a fork
2 17 has taken a fork
2 17 is eating
2 19 has taken a fork
2 19 has taken a fork
2 19 is eating
3 21 has taken a fork
3 21 has taken a fork
3 21 is eating
3 23 has taken a fork
3 23 has taken a fork
3 23 is eating
3 25 has taken a fork
3 25 has taken a fork
3 25 is eating
3 27 has taken a fork
3 27 has taken a fork
3 27 is eating
4 29 has taken a fork
4 29 has taken a fork
4 29 is eating
4 31 has taken a fork
4 31 has taken a fork
4 31 is eating
4 33 has taken a fork
4 33 has taken a fork
4 33 is eating
4 35 has taken a fork
4 35 has taken a fork
4 35 is eating
5 37 has taken a fork
5 37 has taken a fork
5 37 is eating
5 39 has taken a fork
5 39 has taken a fork
5 39 is eating
5 41 has taken a fork
5 41 has taken a fork
5 41 is eating
6 43 has taken a fork
6 43 has taken a fork
6 43 is eating
6 45 has taken a fork
6 45 has taken a fork
6 45 is eating
6 47 has taken a fork
6 47 has taken a fork
6 47 is eating
7 49 has taken a fork
7 49 has taken a fork
7 49 is eating
7 51 has taken a fork
7 51 has taken a fork
7 51 is eating
7 53 has taken a fork
7 53 has taken a fork
7 53 is eating
8 55 has taken a fork
8 55 has taken a fork
8 55 is eating
8 57 has taken a fork
8 57 has taken a fork
8 57 is eating
8 59 has taken a fork
8 59 has taken a fork
8 59 is eating
9 61 has taken a fork
9 61 has taken a fork
9 61 is eating
9 63 has taken a fork
9 63 has taken a fork
9 63 is eating
10 65 has taken a fork
10 65 has taken a fork
10 65 is eating
11 67 has taken a fork
11 67 has taken a fork
11 67 is eating
11 69 has taken a fork
11 69 has taken a fork
11 69 is eating
13 71 has taken a fork
13 71 has taken a fork
13 71 is eating
15 73 has taken a fork
16 73 has taken a fork
16 73 is eating
17 75 has taken a fork
17 75 has taken a fork
17 75 is eating
17 77 has taken a fork
17 77 has taken a fork
17 77 is eating
17 79 has taken a fork
17 79 has taken a fork
17 79 is eating
20 81 has taken a fork
20 81 has taken a fork
20 81 is eating
23 83 has taken a fork
23 83 has taken a fork
23 83 is eating
23 85 has taken a fork
23 85 has taken a fork
23 85 is eating
23 87 has taken a fork
24 87 has taken a fork
24 87 is eating
24 89 has taken a fork
24 89 has taken a fork
24 89 is eating
25 91 has taken a fork
25 91 has taken a fork
25 91 is eating
26 93 has taken a fork
26 93 has taken a fork
26 93 is eating
28 95 has taken a fork
28 95 has taken a fork
28 95 is eating
28 97 has taken a fork
28 97 has taken a fork
28 97 is eating
29 99 has taken a fork
29 99 has taken a fork
29 99 is eating
30 101 has taken a fork
30 101 has taken a fork
30 101 is eating
30 103 has taken a fork
30 103 has taken a fork
30 103 is eating
34 105 has taken a fork
34 105 has taken a fork
34 105 is eating
35 107 has taken a fork
35 107 has taken a fork
35 107 is eating
35 109 has taken a fork
36 109 has taken a fork
36 109 is eating
37 113 has taken a fork
37 113 has taken a fork
37 113 is eating
37 111 has taken a fork
37 111 has taken a fork
37 111 is eating
38 115 has taken a fork
38 115 has taken a fork
38 115 is eating
41 117 has taken a fork
41 117 has taken a fork
41 117 is eating
42 119 has taken a fork
42 119 has taken a fork
42 119 is eating
44 121 has taken a fork
44 121 has taken a fork
44 121 is eating
45 123 has taken a fork
45 123 has taken a fork
45 123 is eating
47 125 has taken a fork
47 125 has taken a fork
47 125 is eating
48 127 has taken a fork
48 127 has taken a fork
48 127 is eating
48 129 has taken a fork
48 129 has taken a fork
48 129 is eating
200 1 is sleeping
200 104 has taken a fork
200 104 has taken a fork
200 104 is eating
201 11 is sleeping
201 7 is sleeping
201 84 has taken a fork
201 96 has taken a fork
201 5 is sleeping
201 3 is sleeping
201 118 has taken a fork
201 92 has taken a fork
201 84 has taken a fork
201 76 has taken a fork
202 96 has taken a fork
202 9 is sleeping
202 118 has taken a fork
202 92 has taken a fork
202 84 is eating
202 76 has taken a fork
202 96 is eating
203 19 is sleeping
203 17 is sleeping
203 13 is sleeping
203 50 has taken a fork
203 80 has taken a fork
203 78 has taken a fork
204 15 is sleeping
204 82 has taken a fork
204 118 is eating
204 92 is eating
204 76 is eating
204 23 is sleeping
204 27 is sleeping
204 126 has taken a fork
204 124 has taken a fork
204 25 is sleeping
204 21 is sleeping
205 88 has taken a fork
205 62 has taken a fork
205 50 has taken a fork
205 80 has taken a fork
205 78 has taken a fork
205 29 is sleeping
205 122 has taken a fork
205 31 is sleeping
205 44 has taken a fork
206 35 is sleeping
206 82 has taken a fork
206 130 has taken a fork
206 124 has taken a fork
206 126 has taken a fork
206 33 is sleeping
206 86 has taken a fork
206 88 has taken a fork
206 62 has taken a fork
206 50 is eating
206 80 is eating
206 39 is sleeping
206 37 is sleeping
206 78 is eating
207 41 is sleeping
207 66 has taken a fork
207 122 has taken a fork
207 108 has taken a fork
207 44 has taken a fork
207 110 has taken a fork
207 47 is sleeping
207 82 is eating
207 58 has taken a fork
207 130 has taken a fork
207 124 is eating
207 126 is eating
207 45 is sleeping
207 94 has taken a fork
208 43 is sleeping
208 102 has taken a fork
208 86 has taken a fork
208 88 is eating
208 62 is eating
208 66 has taken a fork
208 122 is eating
208 108 has taken a fork
208 44 is eating
210 51 is sleeping
210 74 has taken a fork
210 53 is sleeping
210 110 has taken a fork
210 90 has taken a fork
210 49 is sleeping
210 128 has taken a fork
210 58 has taken a fork
211 130 is eating
211 94 has taken a fork
211 55 is sleeping
211 114 has taken a fork
211 57 is sleeping
211 102 has taken a fork
211 22 has taken a fork
211 86 is eating
211 66 is eating
211 108 is eating
212 59 is sleeping
212 65 is sleeping
212 74 has taken a fork
213 20 has taken a fork
213 56 has taken a fork
213 63 is sleeping
213 36 has taken a fork
213 61 is sleeping
214 120 has taken a fork
214 110 is eating
214 90 has taken a fork
214 128 has taken a fork
214 58 is eating
214 94 is eating
214 67 is sleeping
214 106 has taken a fork
215 69 is sleeping
215 26 has taken a fork
215 114 has taken a fork
215 102 is eating
215 22 has taken a fork
215 74 is eating
215 71 is sleeping
215 20 has taken a fork
215 98 has taken a fork
216 56 has taken a fork
216 36 has taken a fork
217 120 has taken a fork
217 90 is eating
217 128 is eating
217 106 has taken a fork
218 73 is sleeping
218 112 has taken a fork
218 26 has taken a fork
218 114 is eating
218 22 is eating
218 20 is eating
218 98 has taken a fork
219 56 is eating
219 36 is eating
219 79 is sleeping
219 75 is sleeping
219 77 is sleeping
219 72 has taken a fork
219 100 has taken a fork
219 120 is eating
220 52 has taken a fork
220 106 is eating
220 112 has taken a fork
220 26 is eating
220 98 is eating
221 72 has taken a fork
221 100 has taken a fork
221 81 is sleeping
221 116 has taken a fork
221 52 has taken a fork
221 112 is eating
221 72 is eating
222 100 is eating
222 116 has taken a fork
222 52 is eating
222 116 is eating
223 87 is sleeping
223 83 is sleeping
223 85 is sleeping
223 6 has taken a fork
223 6 has taken a fork
223 6 is eating
223 68 has taken a fork
223 68 has taken a fork
223 68 is eating
223 64 has taken a fork
223 64 has taken a fork
223 64 is eating
225 91 is sleeping
225 89 is sleeping
225 28 has taken a fork
225 28 has taken a fork
225 28 is eating
225 16 has taken a fork
225 16 has taken a fork
225 16 is eating
226 93 is sleeping
226 42 has taken a fork
226 42 has taken a fork
226 42 is eating
228 97 is sleeping
228 48 has taken a fork
228 48 has taken a fork
228 48 is eating
228 95 is sleeping
228 8 has taken a fork
228 8 has taken a fork
228 8 is eating
229 99 is sleeping
229 38 has taken a fork
229 38 has taken a fork
229 38 is eating
229 101 is sleeping
229 32 has taken a fork
229 32 has taken a fork
229 32 is eating
230 103 is sleeping
230 24 has taken a fork
230 24 has taken a fork
230 24 is eating
234 105 is sleeping
234 40 has taken a fork
234 40 has taken a fork
234 40 is eating
235 109 is sleeping
235 107 is sleeping
235 14 has taken a fork
235 14 has taken a fork
235 14 is eating
235 46 has taken a fork
235 46 has taken a fork
235 46 is eating
237 111 is sleeping
237 30 has taken a fork
237 30 has taken a fork
237 30 is eating
238 115 is sleeping
238 70 has taken a fork
238 70 has taken a fork
238 70 is eating
241 117 is sleeping
243 119 is sleeping
243 54 has taken a fork
243 54 has taken a fork
243 54 is eating
244 34 has taken a fork
244 34 has taken a fork
244 34 is eating
244 121 is sleeping
245 60 has taken a fork
245 60 has taken a fork
245 60 is eating
245 123 is sleeping
245 4 has taken a fork
245 4 has taken a fork
245 4 is eating
248 113 is sleeping
249 12 has taken a fork
249 125 is sleeping
250 18 has taken a fork
250 127 is sleeping
251 2 has taken a fork
251 129 is sleeping
251 10 has taken a fork
251 12 has taken a fork
252 18 has taken a fork
252 2 has taken a fork
252 10 has taken a fork
252 12 is eating
252 18 is eating
252 2 is eating
253 10 is eating
400 1 is thinking
400 104 is sleeping
400 131 has taken a fork
400 131 has taken a fork
400 131 is eating
401 11 is thinking
401 7 is thinking
401 5 is thinking
401 3 is thinking
401 118 is sleeping
401 76 is sleeping
401 96 is sleeping
402 84 is sleeping
402 92 is sleeping
402 9 is thinking
402 78 is sleeping
402 50 is sleeping
402 82 is sleeping
402 80 is sleeping
403 124 is sleeping
403 13 is thinking
403 19 is thinking
403 62 is sleeping
403 88 is sleeping
403 17 is thinking
403 126 is sleeping
404 21 is thinking
404 15 is thinking
404 27 is thinking
404 23 is thinking
404 25 is thinking
404 130 is sleeping
404 122 is sleeping
405 44 is sleeping
405 86 is sleeping
405 108 is sleeping
406 66 is sleeping
406 29 is thinking
406 31 is thinking
406 110 is sleeping
406 33 is thinking
407 94 is sleeping
407 58 is sleeping
408 102 is sleeping
408 37 is thinking
409 35 is thinking
409 39 is thinking
409 128 is sleeping
409 45 is thinking
409 41 is thinking
410 74 is sleeping
410 90 is sleeping
411 47 is thinking
411 43 is thinking
411 22 is sleeping
412 114 is sleeping
412 53 is thinking
412 51 is thinking
412 56 is sleeping
412 49 is thinking
412 120 is sleeping
412 20 is sleeping
412 36 is sleeping
412 55 is thinking
412 26 is sleeping
413 106 is sleeping
413 57 is thinking
413 59 is thinking
413 65 is thinking
413 98 is sleeping
413 63 is thinking
413 61 is thinking
414 67 is thinking
415 69 is thinking
416 71 is thinking
416 112 is sleeping
417 72 is sleeping
417 100 is sleeping
417 52 is sleeping
418 73 is thinking
419 75 is thinking
419 79 is thinking
419 77 is thinking
420 116 is sleeping
421 81 is thinking
423 64 is sleeping
423 68 is sleeping
423 6 is sleeping
423 87 is thinking
423 85 is thinking
423 83 is thinking
425 28 is sleeping
425 89 is thinking
425 91 is thinking
425 16 is sleeping
426 42 is sleeping
427 93 is thinking
428 95 is thinking
428 48 is sleeping
428 97 is thinking
428 8 is sleeping
429 101 is thinking
429 99 is thinking
429 38 is sleeping
429 32 is sleeping
430 103 is thinking
430 24 is sleeping
434 105 is thinking
434 40 is sleeping
435 46 is sleeping
435 107 is thinking
435 14 is sleeping
435 109 is thinking
437 111 is thinking
437 30 is sleeping
438 70 is sleeping
438 115 is thinking
442 117 is thinking
443 54 is sleeping
443 34 is sleeping
443 119 is thinking
444 60 is sleeping
444 121 is thinking
445 123 is thinking
445 4 is sleeping
447 18 is sleeping
447 12 is sleeping
448 2 is sleeping
448 10 is sleeping
448 113 is thinking
449 125 is thinking
450 127 is thinking
451 129 is thinking
597 9 died
