0 1 has taken a fork
1 1 has taken a fork
1 1 is eating
1 3 has taken a fork
1 3 has taken a fork
1 3 is eating
1 5 has taken a fork
1 5 has taken a fork
1 5 is eating
2 7 has taken a fork
2 7 has taken a fork
2 7 is eating
2 9 has taken a fork
2 9 has taken a fork
2 9 is eating
3 11 has taken a fork
3 11 has taken a fork
3 11 is eating
3 13 has taken a fork
3 13 has taken a fork
3 13 is eating
4 15 has taken a fork
4 15 has taken a fork
4 15 is eating
4 17 has taken a fork
4 17 has taken a fork
4 17 is eating
4 19 has taken a fork
4 19 has taken a fork
4 19 is eating
7 21 has taken a fork
7 21 has taken a fork
7 21 is eating
8 23 has taken a fork
8 23 has taken a fork
8 23 is eating
8 25 has taken a fork
8 25 has taken a fork
8 25 is eating
8 27 has taken a fork
8 27 has taken a fork
8 27 is eating
9 29 has taken a fork
9 29 has taken a fork
9 29 is eating
200 1 is sleeping
200 28 has taken a fork
200 28 has taken a fork
200 28 is eating
201 5 is sleeping
201 8 has taken a fork
201 8 has taken a fork
201 8 is eating
201 3 is sleeping
201 20 has taken a fork
201 20 has taken a fork
201 20 is eating
202 9 is sleeping
202 7 is sleeping
202 14 has taken a fork
202 26 has taken a fork
202 14 has taken a fork
202 26 has taken a fork
202 14 is eating
202 26 is eating
203 13 is sleeping
203 11 is sleeping
203 22 has taken a fork
203 24 has taken a fork
203 22 has taken a fork
203 24 has taken a fork
203 22 is eating
203 24 is eating
204 15 is sleeping
204 2 has taken a fork
204 2 has taken a fork
204 2 is eating
204 17 is sleeping
204 10 has taken a fork
204 10 has taken a fork
204 10 is eating
204 19 is sleeping
204 4 has taken a fork
204 4 has taken a fork
204 4 is eating
207 21 is sleeping
207 16 has taken a fork
207 16 has taken a fork
207 16 is eating
208 25 is sleeping
208 23 is sleeping
208 12 has taken a fork
208 18 has taken a fork
208 12 has taken a fork
208 18 has taken a fork
208 27 is sleeping
208 6 has taken a fork
208 12 is eating
208 18 is eating
208 6 has taken a fork
208 6 is eating
209 29 is sleeping
209 30 has taken a fork
209 30 has taken a fork
209 30 is eating
400 28 is sleeping
400 31 has taken a fork
400 1 is thinking
400 31 has taken a fork
400 31 is eating
401 20 is sleeping
401 3 is thinking
401 8 is sleeping
401 5 is thinking
402 26 is sleeping
402 7 is thinking
402 14 is sleeping
402 9 is thinking
403 11 is thinking
403 24 is sleeping
403 13 is thinking
403 22 is sleeping
404 4 is sleeping
404 17 is thinking
404 19 is thinking
404 10 is sleeping
404 2 is sleeping
404 15 is thinking
407 16 is sleeping
407 21 is thinking
408 23 is thinking
408 18 is sleeping
408 27 is thinking
408 6 is sleeping
408 25 is thinking
408 12 is sleeping
409 29 is thinking
409 30 is sleeping
599 1 died
